Archive member included to satisfy reference by file (symbol)

/home/nhivp/tools/msp430-elf/bin/../lib/gcc/msp430-elf/7.3.1/430/libgcc.a(epilogue.o)
                              /home/nhivp/tools/msp430-elf/bin/../lib/gcc/msp430-elf/7.3.1/430/crtbegin.o (__mspabi_func_epilog_2)
/home/nhivp/tools/msp430-elf/bin/../lib/gcc/msp430-elf/7.3.1/430/libgcc.a(srli.o)
                              /home/nhivp/tools/msp430-elf/bin/../lib/gcc/msp430-elf/7.3.1/430/crtbegin.o (__mspabi_srli_15)
/home/nhivp/tools/msp430-elf/bin/../lib/gcc/msp430-elf/7.3.1/../../../../msp430-elf/lib/430/libcrt.a(crt_bss.o)
                              /home/nhivp/tools/msp430-elf/bin/../lib/gcc/msp430-elf/7.3.1/430/crtbegin.o (__crt0_init_bss)
/home/nhivp/tools/msp430-elf/bin/../lib/gcc/msp430-elf/7.3.1/../../../../msp430-elf/lib/430/libcrt.a(crt_movedata.o)
                              /home/nhivp/tools/msp430-elf/bin/../lib/gcc/msp430-elf/7.3.1/430/crtbegin.o (__crt0_movedata)
/home/nhivp/tools/msp430-elf/bin/../lib/gcc/msp430-elf/7.3.1/../../../../msp430-elf/lib/430/libcrt.a(crt_main.o)
                              /home/nhivp/tools/msp430-elf/bin/../lib/gcc/msp430-elf/7.3.1/../../../../msp430-elf/lib/430/crt0.o (__crt0_call_init_then_main)
/home/nhivp/tools/msp430-elf/bin/../lib/gcc/msp430-elf/7.3.1/../../../../msp430-elf/lib/430/libcrt.a(crt_callexit.o)
                              /tmp/ccD0Z7l0.o (__crt0_call_exit)
/home/nhivp/tools/msp430-elf/bin/../lib/gcc/msp430-elf/7.3.1/../../../../msp430-elf/lib/430/libnosys.a(ciosyscalls.o)
                              /home/nhivp/tools/msp430-elf/bin/../lib/gcc/msp430-elf/7.3.1/../../../../msp430-elf/lib/430/libcrt.a(crt_callexit.o) (_exit)
/home/nhivp/tools/msp430-elf/bin/../lib/gcc/msp430-elf/7.3.1/../../../../msp430-elf/lib/430/libc.a(lib_a-errno.o)
                              /home/nhivp/tools/msp430-elf/bin/../lib/gcc/msp430-elf/7.3.1/../../../../msp430-elf/lib/430/libnosys.a(ciosyscalls.o) (__errno)
/home/nhivp/tools/msp430-elf/bin/../lib/gcc/msp430-elf/7.3.1/../../../../msp430-elf/lib/430/libc.a(lib_a-impure.o)
                              /home/nhivp/tools/msp430-elf/bin/../lib/gcc/msp430-elf/7.3.1/../../../../msp430-elf/lib/430/libc.a(lib_a-errno.o) (_impure_ptr)
/home/nhivp/tools/msp430-elf/bin/../lib/gcc/msp430-elf/7.3.1/../../../../msp430-elf/lib/430/libc.a(lib_a-memmove.o)
                              /home/nhivp/tools/msp430-elf/bin/../lib/gcc/msp430-elf/7.3.1/../../../../msp430-elf/lib/430/libcrt.a(crt_movedata.o) (memmove)
/home/nhivp/tools/msp430-elf/bin/../lib/gcc/msp430-elf/7.3.1/../../../../msp430-elf/lib/430/libc.a(lib_a-memset.o)
                              /home/nhivp/tools/msp430-elf/bin/../lib/gcc/msp430-elf/7.3.1/../../../../msp430-elf/lib/430/libcrt.a(crt_bss.o) (memset)

Memory Configuration

Name             Origin             Length             Attributes
SFR              0x0000000000000000 0x0000000000000010
RAM              0x0000000000000200 0x0000000000000200
INFOMEM          0x0000000000001000 0x0000000000000100
INFOA            0x00000000000010c0 0x0000000000000040
INFOB            0x0000000000001080 0x0000000000000040
INFOC            0x0000000000001040 0x0000000000000040
INFOD            0x0000000000001000 0x0000000000000040
ROM              0x000000000000c000 0x0000000000003fde xr
BSLSIGNATURE     0x000000000000ffde 0x0000000000000002
VECT1            0x000000000000ffe0 0x0000000000000002
VECT2            0x000000000000ffe2 0x0000000000000002
VECT3            0x000000000000ffe4 0x0000000000000002
VECT4            0x000000000000ffe6 0x0000000000000002
VECT5            0x000000000000ffe8 0x0000000000000002
VECT6            0x000000000000ffea 0x0000000000000002
VECT7            0x000000000000ffec 0x0000000000000002
VECT8            0x000000000000ffee 0x0000000000000002
VECT9            0x000000000000fff0 0x0000000000000002
VECT10           0x000000000000fff2 0x0000000000000002
VECT11           0x000000000000fff4 0x0000000000000002
VECT12           0x000000000000fff6 0x0000000000000002
VECT13           0x000000000000fff8 0x0000000000000002
VECT14           0x000000000000fffa 0x0000000000000002
VECT15           0x000000000000fffc 0x0000000000000002
RESETVEC         0x000000000000fffe 0x0000000000000002
*default*        0x0000000000000000 0xffffffffffffffff

Linker script and memory map

LOAD /home/nhivp/tools/msp430-elf/bin/../lib/gcc/msp430-elf/7.3.1/../../../../msp430-elf/lib/430/crt0.o
LOAD /home/nhivp/tools/msp430-elf/bin/../lib/gcc/msp430-elf/7.3.1/430/crtbegin.o
LOAD /tmp/ccD0Z7l0.o
LOAD /home/nhivp/tools/msp430-elf/bin/../lib/gcc/msp430-elf/7.3.1/430/libgcc.a
START GROUP
LOAD /home/nhivp/tools/msp430-elf/bin/../lib/gcc/msp430-elf/7.3.1/430/libmul_none.a
LOAD /home/nhivp/tools/msp430-elf/bin/../lib/gcc/msp430-elf/7.3.1/../../../../msp430-elf/lib/430/libc.a
LOAD /home/nhivp/tools/msp430-elf/bin/../lib/gcc/msp430-elf/7.3.1/430/libgcc.a
LOAD /home/nhivp/tools/msp430-elf/bin/../lib/gcc/msp430-elf/7.3.1/../../../../msp430-elf/lib/430/libcrt.a
LOAD /home/nhivp/tools/msp430-elf/bin/../lib/gcc/msp430-elf/7.3.1/../../../../msp430-elf/lib/430/libnosys.a
END GROUP
LOAD /home/nhivp/tools/msp430-elf/bin/../lib/gcc/msp430-elf/7.3.1/430/libgcc.a
LOAD /home/nhivp/tools/msp430-elf/bin/../lib/gcc/msp430-elf/7.3.1/430/crtend.o
LOAD /home/nhivp/tools/msp430-elf/bin/../lib/gcc/msp430-elf/7.3.1/../../../../msp430-elf/lib/430/crtn.o
LOAD /home/nhivp/tools/msp430-elf/bin/../lib/gcc/msp430-elf/7.3.1/430/libgcc.a

.bslsignature

__interrupt_vector_1
 *(__interrupt_vector_1)
 *(__interrupt_vector_trapint)

__interrupt_vector_2
 *(__interrupt_vector_2)

__interrupt_vector_3
 *(__interrupt_vector_3)
 *(__interrupt_vector_port1)

__interrupt_vector_4
 *(__interrupt_vector_4)
 *(__interrupt_vector_port2)

__interrupt_vector_5
 *(__interrupt_vector_5)

__interrupt_vector_6
 *(__interrupt_vector_6)
 *(__interrupt_vector_adc10)

__interrupt_vector_7
 *(__interrupt_vector_7)
 *(__interrupt_vector_usciab0tx)

__interrupt_vector_8
 *(__interrupt_vector_8)
 *(__interrupt_vector_usciab0rx)

__interrupt_vector_9
 *(__interrupt_vector_9)
 *(__interrupt_vector_timer0_a1)

__interrupt_vector_10
                0x000000000000fff2        0x2
 *(__interrupt_vector_10)
 __interrupt_vector_10
                0x000000000000fff2        0x2 /tmp/ccD0Z7l0.o
 *(__interrupt_vector_timer0_a0)

__interrupt_vector_11
 *(__interrupt_vector_11)
 *(__interrupt_vector_wdt)

__interrupt_vector_12
 *(__interrupt_vector_12)
 *(__interrupt_vector_comparatora)

__interrupt_vector_13
 *(__interrupt_vector_13)
 *(__interrupt_vector_timer1_a1)

__interrupt_vector_14
 *(__interrupt_vector_14)
 *(__interrupt_vector_timer1_a0)

__interrupt_vector_15
 *(__interrupt_vector_15)
 *(__interrupt_vector_nmi)

__reset_vector  0x000000000000fffe        0x2
 *(__interrupt_vector_16)
 *(__interrupt_vector_reset)
 *(.resetvec)
 .resetvec      0x000000000000fffe        0x2 /home/nhivp/tools/msp430-elf/bin/../lib/gcc/msp430-elf/7.3.1/../../../../msp430-elf/lib/430/crt0.o

.rodata         0x000000000000c000        0x4
                0x000000000000c000                . = ALIGN (0x2)
 *(.plt)
 *(.rodata .rodata.* .gnu.linkonce.r.* .const .const:*)
 .rodata._global_impure_ptr
                0x000000000000c000        0x2 /home/nhivp/tools/msp430-elf/bin/../lib/gcc/msp430-elf/7.3.1/../../../../msp430-elf/lib/430/libc.a(lib_a-impure.o)
                0x000000000000c000                _global_impure_ptr
 .rodata        0x000000000000c002        0x2 /home/nhivp/tools/msp430-elf/bin/../lib/gcc/msp430-elf/7.3.1/../../../../msp430-elf/lib/430/libc.a(lib_a-impure.o)
 *(.rodata1)
 *(.gcc_except_table)
 *(.gcc_except_table.*)
                0x000000000000c004                PROVIDE (__preinit_array_start, .)
 *(.preinit_array)
                0x000000000000c004                PROVIDE (__preinit_array_end, .)
                0x000000000000c004                PROVIDE (__init_array_start, .)
 *(SORT(.init_array.*))
 *(.init_array)
                0x000000000000c004                PROVIDE (__init_array_end, .)
                0x000000000000c004                PROVIDE (__fini_array_start, .)
 *(.fini_array)
 *(SORT(.fini_array.*))
                0x000000000000c004                PROVIDE (__fini_array_end, .)

.rodata2        0x000000000000c004        0xc
                0x000000000000c004                . = ALIGN (0x2)
 *(.eh_frame_hdr)
 *(.eh_frame)
 .eh_frame      0x000000000000c004        0x0 /home/nhivp/tools/msp430-elf/bin/../lib/gcc/msp430-elf/7.3.1/430/crtbegin.o
 .eh_frame      0x000000000000c004        0x4 /home/nhivp/tools/msp430-elf/bin/../lib/gcc/msp430-elf/7.3.1/430/crtend.o
 *crtbegin*.o(.ctors)
 .ctors         0x000000000000c008        0x2 /home/nhivp/tools/msp430-elf/bin/../lib/gcc/msp430-elf/7.3.1/430/crtbegin.o
 *(EXCLUDE_FILE(*crtend*.o) .ctors)
 *(SORT(.ctors.*))
 *(.ctors)
 .ctors         0x000000000000c00a        0x2 /home/nhivp/tools/msp430-elf/bin/../lib/gcc/msp430-elf/7.3.1/430/crtend.o
 *crtbegin*.o(.dtors)
 .dtors         0x000000000000c00c        0x2 /home/nhivp/tools/msp430-elf/bin/../lib/gcc/msp430-elf/7.3.1/430/crtbegin.o
 *(EXCLUDE_FILE(*crtend*.o) .dtors)
 *(SORT(.dtors.*))
 *(.dtors)
 .dtors         0x000000000000c00e        0x2 /home/nhivp/tools/msp430-elf/bin/../lib/gcc/msp430-elf/7.3.1/430/crtend.o
                0x000000000000c00e                __DTOR_END__

.text           0x000000000000c010      0x340
                0x000000000000c010                . = ALIGN (0x2)
                0x000000000000c010                PROVIDE (_start, .)
 *(SORT(.crt_*))
 .crt_0000start
                0x000000000000c010        0x4 /home/nhivp/tools/msp430-elf/bin/../lib/gcc/msp430-elf/7.3.1/../../../../msp430-elf/lib/430/crt0.o
                0x000000000000c010                __crt0_start
 .crt_0100init_bss
                0x000000000000c014        0xe /home/nhivp/tools/msp430-elf/bin/../lib/gcc/msp430-elf/7.3.1/../../../../msp430-elf/lib/430/libcrt.a(crt_bss.o)
                0x000000000000c014                __crt0_init_bss
 .crt_0300movedata
                0x000000000000c022       0x14 /home/nhivp/tools/msp430-elf/bin/../lib/gcc/msp430-elf/7.3.1/../../../../msp430-elf/lib/430/libcrt.a(crt_movedata.o)
                0x000000000000c022                __crt0_movedata
 .crt_0700call_init_then_main
                0x000000000000c036        0xa /home/nhivp/tools/msp430-elf/bin/../lib/gcc/msp430-elf/7.3.1/../../../../msp430-elf/lib/430/libcrt.a(crt_main.o)
                0x000000000000c036                __crt0_call_init_then_main
 .crt_0800call_exit
                0x000000000000c040        0x4 /home/nhivp/tools/msp430-elf/bin/../lib/gcc/msp430-elf/7.3.1/../../../../msp430-elf/lib/430/libcrt.a(crt_callexit.o)
                0x000000000000c040                __crt0_call_exit
 .crt_0900main_init
                0x000000000000c044       0x3c /home/nhivp/tools/msp430-elf/bin/../lib/gcc/msp430-elf/7.3.1/../../../../msp430-elf/lib/430/crt0.o
                0x000000000000c044                _msp430_run_init_array
                0x000000000000c052                _msp430_run_preinit_array
                0x000000000000c060                _msp430_run_fini_array
 *(.lowtext .text .stub .text.* .gnu.linkonce.t.* .text:*)
 .text          0x000000000000c080        0x0 /home/nhivp/tools/msp430-elf/bin/../lib/gcc/msp430-elf/7.3.1/../../../../msp430-elf/lib/430/crt0.o
 .text          0x000000000000c080        0x4 /home/nhivp/tools/msp430-elf/bin/../lib/gcc/msp430-elf/7.3.1/430/crtbegin.o
 .text.deregister_tm_clones
                0x000000000000c084       0x1a /home/nhivp/tools/msp430-elf/bin/../lib/gcc/msp430-elf/7.3.1/430/crtbegin.o
 .text.register_tm_clones
                0x000000000000c09e       0x2e /home/nhivp/tools/msp430-elf/bin/../lib/gcc/msp430-elf/7.3.1/430/crtbegin.o
 .text.__do_global_dtors_aux
                0x000000000000c0cc       0x4e /home/nhivp/tools/msp430-elf/bin/../lib/gcc/msp430-elf/7.3.1/430/crtbegin.o
 .text.call___do_global_dtors_aux
                0x000000000000c11a        0x0 /home/nhivp/tools/msp430-elf/bin/../lib/gcc/msp430-elf/7.3.1/430/crtbegin.o
 .text.frame_dummy
                0x000000000000c11a       0x18 /home/nhivp/tools/msp430-elf/bin/../lib/gcc/msp430-elf/7.3.1/430/crtbegin.o
 .text.call_frame_dummy
                0x000000000000c132        0x0 /home/nhivp/tools/msp430-elf/bin/../lib/gcc/msp430-elf/7.3.1/430/crtbegin.o
 .text          0x000000000000c132       0x6e /tmp/ccD0Z7l0.o
                0x000000000000c132                main
                0x000000000000c182                Timer_A0_ISR
 .text          0x000000000000c1a0       0x10 /home/nhivp/tools/msp430-elf/bin/../lib/gcc/msp430-elf/7.3.1/430/libgcc.a(epilogue.o)
                0x000000000000c1a0                __mspabi_func_epilog_7
                0x000000000000c1a2                __mspabi_func_epilog_6
                0x000000000000c1a4                __mspabi_func_epilog_5
                0x000000000000c1a6                __mspabi_func_epilog_4
                0x000000000000c1a8                __mspabi_func_epilog_3
                0x000000000000c1aa                __mspabi_func_epilog_2
                0x000000000000c1ac                __mspabi_func_epilog_1
 .text          0x000000000000c1b0       0xb4 /home/nhivp/tools/msp430-elf/bin/../lib/gcc/msp430-elf/7.3.1/430/libgcc.a(srli.o)
                0x000000000000c1b0                __mspabi_srli_15
                0x000000000000c1b4                __mspabi_srli_14
                0x000000000000c1b8                __mspabi_srli_13
                0x000000000000c1bc                __mspabi_srli_12
                0x000000000000c1c0                __mspabi_srli_11
                0x000000000000c1c4                __mspabi_srli_10
                0x000000000000c1c8                __mspabi_srli_9
                0x000000000000c1cc                __mspabi_srli_8
                0x000000000000c1d0                __mspabi_srli_7
                0x000000000000c1d4                __mspabi_srli_6
                0x000000000000c1d8                __mspabi_srli_5
                0x000000000000c1dc                __mspabi_srli_4
                0x000000000000c1e0                __mspabi_srli_3
                0x000000000000c1e4                __mspabi_srli_2
                0x000000000000c1e8                __mspabi_srli_1
                0x000000000000c1f4                __mspabi_srli
                0x000000000000c1fa                __mspabi_srll_15
                0x000000000000c200                __mspabi_srll_14
                0x000000000000c206                __mspabi_srll_13
                0x000000000000c20c                __mspabi_srll_12
                0x000000000000c212                __mspabi_srll_11
                0x000000000000c218                __mspabi_srll_10
                0x000000000000c21e                __mspabi_srll_9
                0x000000000000c224                __mspabi_srll_8
                0x000000000000c22a                __mspabi_srll_7
                0x000000000000c230                __mspabi_srll_6
                0x000000000000c236                __mspabi_srll_5
                0x000000000000c23c                __mspabi_srll_4
                0x000000000000c242                __mspabi_srll_3
                0x000000000000c248                __mspabi_srll_2
                0x000000000000c24e                __mspabi_srll_1
                0x000000000000c25e                __mspabi_srll
 .text          0x000000000000c264        0x0 /home/nhivp/tools/msp430-elf/bin/../lib/gcc/msp430-elf/7.3.1/../../../../msp430-elf/lib/430/libcrt.a(crt_bss.o)
 .text          0x000000000000c264        0x0 /home/nhivp/tools/msp430-elf/bin/../lib/gcc/msp430-elf/7.3.1/../../../../msp430-elf/lib/430/libcrt.a(crt_movedata.o)
 .text          0x000000000000c264        0x0 /home/nhivp/tools/msp430-elf/bin/../lib/gcc/msp430-elf/7.3.1/../../../../msp430-elf/lib/430/libcrt.a(crt_main.o)
 .text          0x000000000000c264        0x0 /home/nhivp/tools/msp430-elf/bin/../lib/gcc/msp430-elf/7.3.1/../../../../msp430-elf/lib/430/libcrt.a(crt_callexit.o)
 .text          0x000000000000c264        0x0 /home/nhivp/tools/msp430-elf/bin/../lib/gcc/msp430-elf/7.3.1/../../../../msp430-elf/lib/430/libnosys.a(ciosyscalls.o)
 .text.exit     0x000000000000c264        0x4 /home/nhivp/tools/msp430-elf/bin/../lib/gcc/msp430-elf/7.3.1/../../../../msp430-elf/lib/430/libnosys.a(ciosyscalls.o)
                0x000000000000c264                exit
                0x000000000000c264                _exit
 .text.isatty   0x000000000000c268        0x4 /home/nhivp/tools/msp430-elf/bin/../lib/gcc/msp430-elf/7.3.1/../../../../msp430-elf/lib/430/libnosys.a(ciosyscalls.o)
                0x000000000000c268                isatty
                0x000000000000c268                _isatty
 .text.getpid   0x000000000000c26c        0x6 /home/nhivp/tools/msp430-elf/bin/../lib/gcc/msp430-elf/7.3.1/../../../../msp430-elf/lib/430/libnosys.a(ciosyscalls.o)
                0x000000000000c26c                getpid
 .text.open     0x000000000000c272        0xe /home/nhivp/tools/msp430-elf/bin/../lib/gcc/msp430-elf/7.3.1/../../../../msp430-elf/lib/430/libnosys.a(ciosyscalls.o)
                0x000000000000c272                open
 .text.close    0x000000000000c280        0xe /home/nhivp/tools/msp430-elf/bin/../lib/gcc/msp430-elf/7.3.1/../../../../msp430-elf/lib/430/libnosys.a(ciosyscalls.o)
                0x000000000000c280                close
 .text.read     0x000000000000c28e        0xe /home/nhivp/tools/msp430-elf/bin/../lib/gcc/msp430-elf/7.3.1/../../../../msp430-elf/lib/430/libnosys.a(ciosyscalls.o)
                0x000000000000c28e                read
 .text.fstat    0x000000000000c29c        0xe /home/nhivp/tools/msp430-elf/bin/../lib/gcc/msp430-elf/7.3.1/../../../../msp430-elf/lib/430/libnosys.a(ciosyscalls.o)
                0x000000000000c29c                fstat
 .text.lseek    0x000000000000c2aa        0xe /home/nhivp/tools/msp430-elf/bin/../lib/gcc/msp430-elf/7.3.1/../../../../msp430-elf/lib/430/libnosys.a(ciosyscalls.o)
                0x000000000000c2aa                lseek
 .text.kill     0x000000000000c2b8        0xe /home/nhivp/tools/msp430-elf/bin/../lib/gcc/msp430-elf/7.3.1/../../../../msp430-elf/lib/430/libnosys.a(ciosyscalls.o)
                0x000000000000c2b8                kill
 .text          0x000000000000c2c6        0x0 /home/nhivp/tools/msp430-elf/bin/../lib/gcc/msp430-elf/7.3.1/../../../../msp430-elf/lib/430/libc.a(lib_a-errno.o)
 .text.__errno  0x000000000000c2c6        0x6 /home/nhivp/tools/msp430-elf/bin/../lib/gcc/msp430-elf/7.3.1/../../../../msp430-elf/lib/430/libc.a(lib_a-errno.o)
                0x000000000000c2c6                __errno
 .text          0x000000000000c2cc        0x0 /home/nhivp/tools/msp430-elf/bin/../lib/gcc/msp430-elf/7.3.1/../../../../msp430-elf/lib/430/libc.a(lib_a-impure.o)
 .text          0x000000000000c2cc        0x0 /home/nhivp/tools/msp430-elf/bin/../lib/gcc/msp430-elf/7.3.1/../../../../msp430-elf/lib/430/libc.a(lib_a-memmove.o)
 .text.memmove  0x000000000000c2cc       0x38 /home/nhivp/tools/msp430-elf/bin/../lib/gcc/msp430-elf/7.3.1/../../../../msp430-elf/lib/430/libc.a(lib_a-memmove.o)
                0x000000000000c2cc                memmove
 .text          0x000000000000c304        0x0 /home/nhivp/tools/msp430-elf/bin/../lib/gcc/msp430-elf/7.3.1/../../../../msp430-elf/lib/430/libc.a(lib_a-memset.o)
 .text.memset   0x000000000000c304       0x14 /home/nhivp/tools/msp430-elf/bin/../lib/gcc/msp430-elf/7.3.1/../../../../msp430-elf/lib/430/libc.a(lib_a-memset.o)
                0x000000000000c304                memset
 .text          0x000000000000c318        0x2 /home/nhivp/tools/msp430-elf/bin/../lib/gcc/msp430-elf/7.3.1/430/crtend.o
 .text.__do_global_ctors_aux
                0x000000000000c31a       0x1a /home/nhivp/tools/msp430-elf/bin/../lib/gcc/msp430-elf/7.3.1/430/crtend.o
 .text.call___do_global_ctors_aux
                0x000000000000c334        0x0 /home/nhivp/tools/msp430-elf/bin/../lib/gcc/msp430-elf/7.3.1/430/crtend.o
 .text          0x000000000000c334        0x0 /home/nhivp/tools/msp430-elf/bin/../lib/gcc/msp430-elf/7.3.1/../../../../msp430-elf/lib/430/crtn.o
 *(.text.*personality*)
 *(.gnu.warning)
 *(.interp .hash .dynsym .dynstr .gnu.version*)
                [!provide]                        PROVIDE (__etext, .)
                [!provide]                        PROVIDE (_etext, .)
                [!provide]                        PROVIDE (etext, .)
                0x000000000000c334                . = ALIGN (0x2)
 *(.init)
 .init          0x000000000000c334        0x0 /home/nhivp/tools/msp430-elf/bin/../lib/gcc/msp430-elf/7.3.1/../../../../msp430-elf/lib/430/crt0.o
                0x000000000000c334                __msp430_init
 .init          0x000000000000c334        0x4 /home/nhivp/tools/msp430-elf/bin/../lib/gcc/msp430-elf/7.3.1/430/crtbegin.o
 .init          0x000000000000c338        0x4 /home/nhivp/tools/msp430-elf/bin/../lib/gcc/msp430-elf/7.3.1/430/crtend.o
 .init          0x000000000000c33c        0xa /home/nhivp/tools/msp430-elf/bin/../lib/gcc/msp430-elf/7.3.1/../../../../msp430-elf/lib/430/crtn.o
                0x000000000000c346                __msp430_init_end
 *(.fini)
 .fini          0x000000000000c346        0x4 /home/nhivp/tools/msp430-elf/bin/../lib/gcc/msp430-elf/7.3.1/../../../../msp430-elf/lib/430/crt0.o
                0x000000000000c346                __msp430_fini
 .fini          0x000000000000c34a        0x4 /home/nhivp/tools/msp430-elf/bin/../lib/gcc/msp430-elf/7.3.1/430/crtbegin.o
 .fini          0x000000000000c34e        0x2 /home/nhivp/tools/msp430-elf/bin/../lib/gcc/msp430-elf/7.3.1/../../../../msp430-elf/lib/430/crtn.o
                0x000000000000c350                __msp430_fini_end
 *(.tm_clone_table)
 .tm_clone_table
                0x000000000000c350        0x0 /home/nhivp/tools/msp430-elf/bin/../lib/gcc/msp430-elf/7.3.1/430/crtbegin.o
 .tm_clone_table
                0x000000000000c350        0x0 /home/nhivp/tools/msp430-elf/bin/../lib/gcc/msp430-elf/7.3.1/430/crtend.o
                0x000000000000c350                __TMC_END__

.data           0x0000000000000200       0x7c load address 0x000000000000c350
                0x0000000000000200                . = ALIGN (0x2)
                0x0000000000000200                PROVIDE (__datastart, .)
 *(.jcr)
 *(.data.rel.ro.local)
 *(.data.rel.ro*)
 *(.dynamic)
 *(.data .data.* .gnu.linkonce.d.*)
 .data          0x0000000000000200        0x0 /home/nhivp/tools/msp430-elf/bin/../lib/gcc/msp430-elf/7.3.1/../../../../msp430-elf/lib/430/crt0.o
 .data          0x0000000000000200        0x0 /home/nhivp/tools/msp430-elf/bin/../lib/gcc/msp430-elf/7.3.1/430/crtbegin.o
 .data.__dso_handle
                0x0000000000000200        0x2 /home/nhivp/tools/msp430-elf/bin/../lib/gcc/msp430-elf/7.3.1/430/crtbegin.o
                0x0000000000000200                __dso_handle
 .data          0x0000000000000202        0x0 /tmp/ccD0Z7l0.o
 .data          0x0000000000000202        0x0 /home/nhivp/tools/msp430-elf/bin/../lib/gcc/msp430-elf/7.3.1/430/libgcc.a(epilogue.o)
 .data          0x0000000000000202        0x0 /home/nhivp/tools/msp430-elf/bin/../lib/gcc/msp430-elf/7.3.1/430/libgcc.a(srli.o)
 .data          0x0000000000000202        0x0 /home/nhivp/tools/msp430-elf/bin/../lib/gcc/msp430-elf/7.3.1/../../../../msp430-elf/lib/430/libcrt.a(crt_bss.o)
 .data          0x0000000000000202        0x0 /home/nhivp/tools/msp430-elf/bin/../lib/gcc/msp430-elf/7.3.1/../../../../msp430-elf/lib/430/libcrt.a(crt_movedata.o)
 .data          0x0000000000000202        0x0 /home/nhivp/tools/msp430-elf/bin/../lib/gcc/msp430-elf/7.3.1/../../../../msp430-elf/lib/430/libcrt.a(crt_main.o)
 .data          0x0000000000000202        0x0 /home/nhivp/tools/msp430-elf/bin/../lib/gcc/msp430-elf/7.3.1/../../../../msp430-elf/lib/430/libcrt.a(crt_callexit.o)
 .data          0x0000000000000202        0x0 /home/nhivp/tools/msp430-elf/bin/../lib/gcc/msp430-elf/7.3.1/../../../../msp430-elf/lib/430/libnosys.a(ciosyscalls.o)
 .data          0x0000000000000202        0x0 /home/nhivp/tools/msp430-elf/bin/../lib/gcc/msp430-elf/7.3.1/../../../../msp430-elf/lib/430/libc.a(lib_a-errno.o)
 .data          0x0000000000000202        0x0 /home/nhivp/tools/msp430-elf/bin/../lib/gcc/msp430-elf/7.3.1/../../../../msp430-elf/lib/430/libc.a(lib_a-impure.o)
 .data._impure_ptr
                0x0000000000000202        0x2 /home/nhivp/tools/msp430-elf/bin/../lib/gcc/msp430-elf/7.3.1/../../../../msp430-elf/lib/430/libc.a(lib_a-impure.o)
                0x0000000000000202                _impure_ptr
 .data.impure_data
                0x0000000000000204       0x78 /home/nhivp/tools/msp430-elf/bin/../lib/gcc/msp430-elf/7.3.1/../../../../msp430-elf/lib/430/libc.a(lib_a-impure.o)
 .data          0x000000000000027c        0x0 /home/nhivp/tools/msp430-elf/bin/../lib/gcc/msp430-elf/7.3.1/../../../../msp430-elf/lib/430/libc.a(lib_a-memmove.o)
 .data          0x000000000000027c        0x0 /home/nhivp/tools/msp430-elf/bin/../lib/gcc/msp430-elf/7.3.1/../../../../msp430-elf/lib/430/libc.a(lib_a-memset.o)
 .data          0x000000000000027c        0x0 /home/nhivp/tools/msp430-elf/bin/../lib/gcc/msp430-elf/7.3.1/430/crtend.o
 .data          0x000000000000027c        0x0 /home/nhivp/tools/msp430-elf/bin/../lib/gcc/msp430-elf/7.3.1/../../../../msp430-elf/lib/430/crtn.o
 *(.gnu.linkonce.d.*personality*)
 *(.data1)
 *(.got.plt)
 *(.got)
                0x000000000000027c                . = ALIGN (0x2)
 *(.sdata .sdata.* .gnu.linkonce.s.* D_2 D_1)
                0x000000000000027c                . = ALIGN (0x2)
                0x000000000000027c                _edata = .
                [!provide]                        PROVIDE (edata, .)
                [!provide]                        PROVIDE (__dataend, .)
                0x000000000000c350                PROVIDE (__romdatastart, LOADADDR (.data))
                0x000000000000007c                PROVIDE (__romdatacopysize, SIZEOF (.data))

.bss            0x000000000000027c       0x12 load address 0x000000000000c3cc
                0x000000000000027c                . = ALIGN (0x2)
                0x000000000000027c                PROVIDE (__bssstart, .)
 *(.dynbss)
 *(.sbss .sbss.*)
 *(.bss .bss.* .gnu.linkonce.b.*)
 .bss           0x000000000000027c        0x0 /home/nhivp/tools/msp430-elf/bin/../lib/gcc/msp430-elf/7.3.1/../../../../msp430-elf/lib/430/crt0.o
 .bss           0x000000000000027c        0x0 /home/nhivp/tools/msp430-elf/bin/../lib/gcc/msp430-elf/7.3.1/430/crtbegin.o
 .bss.completed.3056
                0x000000000000027c        0x1 /home/nhivp/tools/msp430-elf/bin/../lib/gcc/msp430-elf/7.3.1/430/crtbegin.o
 *fill*         0x000000000000027d        0x1 
 .bss.dtor_idx.3058
                0x000000000000027e        0x2 /home/nhivp/tools/msp430-elf/bin/../lib/gcc/msp430-elf/7.3.1/430/crtbegin.o
 .bss.object.3071
                0x0000000000000280        0xe /home/nhivp/tools/msp430-elf/bin/../lib/gcc/msp430-elf/7.3.1/430/crtbegin.o
 .bss           0x000000000000028e        0x0 /tmp/ccD0Z7l0.o
 .bss           0x000000000000028e        0x0 /home/nhivp/tools/msp430-elf/bin/../lib/gcc/msp430-elf/7.3.1/430/libgcc.a(epilogue.o)
 .bss           0x000000000000028e        0x0 /home/nhivp/tools/msp430-elf/bin/../lib/gcc/msp430-elf/7.3.1/430/libgcc.a(srli.o)
 .bss           0x000000000000028e        0x0 /home/nhivp/tools/msp430-elf/bin/../lib/gcc/msp430-elf/7.3.1/../../../../msp430-elf/lib/430/libcrt.a(crt_bss.o)
 .bss           0x000000000000028e        0x0 /home/nhivp/tools/msp430-elf/bin/../lib/gcc/msp430-elf/7.3.1/../../../../msp430-elf/lib/430/libcrt.a(crt_movedata.o)
 .bss           0x000000000000028e        0x0 /home/nhivp/tools/msp430-elf/bin/../lib/gcc/msp430-elf/7.3.1/../../../../msp430-elf/lib/430/libcrt.a(crt_main.o)
 .bss           0x000000000000028e        0x0 /home/nhivp/tools/msp430-elf/bin/../lib/gcc/msp430-elf/7.3.1/../../../../msp430-elf/lib/430/libcrt.a(crt_callexit.o)
 .bss           0x000000000000028e        0x0 /home/nhivp/tools/msp430-elf/bin/../lib/gcc/msp430-elf/7.3.1/../../../../msp430-elf/lib/430/libnosys.a(ciosyscalls.o)
 .bss           0x000000000000028e        0x0 /home/nhivp/tools/msp430-elf/bin/../lib/gcc/msp430-elf/7.3.1/../../../../msp430-elf/lib/430/libc.a(lib_a-errno.o)
 .bss           0x000000000000028e        0x0 /home/nhivp/tools/msp430-elf/bin/../lib/gcc/msp430-elf/7.3.1/../../../../msp430-elf/lib/430/libc.a(lib_a-impure.o)
 .bss           0x000000000000028e        0x0 /home/nhivp/tools/msp430-elf/bin/../lib/gcc/msp430-elf/7.3.1/../../../../msp430-elf/lib/430/libc.a(lib_a-memmove.o)
 .bss           0x000000000000028e        0x0 /home/nhivp/tools/msp430-elf/bin/../lib/gcc/msp430-elf/7.3.1/../../../../msp430-elf/lib/430/libc.a(lib_a-memset.o)
 .bss           0x000000000000028e        0x0 /home/nhivp/tools/msp430-elf/bin/../lib/gcc/msp430-elf/7.3.1/430/crtend.o
 .bss           0x000000000000028e        0x0 /home/nhivp/tools/msp430-elf/bin/../lib/gcc/msp430-elf/7.3.1/../../../../msp430-elf/lib/430/crtn.o
                0x000000000000028e                . = ALIGN (0x2)
 *(COMMON)
                [!provide]                        PROVIDE (__bssend, .)
                0x0000000000000012                PROVIDE (__bsssize, SIZEOF (.bss))

.noinit         0x000000000000028e        0x0 load address 0x000000000000c3cc
                0x000000000000028e                . = ALIGN (0x2)
                [!provide]                        PROVIDE (__noinit_start, .)
 *(.noinit)
                0x000000000000028e                . = ALIGN (0x2)
                [!provide]                        PROVIDE (__noinit_end, .)
                0x000000000000028e                end = .

.heap           0x000000000000028e        0x4 load address 0x000000000000c3cc
                0x000000000000028e                . = ALIGN (0x2)
                0x000000000000028e                __heap_start__ = .
                0x000000000000028e                _end = __heap_start__
                [!provide]                        PROVIDE (end, .)
 *(.heap)
                0x000000000000028e                _end = .
                [!provide]                        PROVIDE (end, .)
                0x000000000000028e        0x4 LONG 0x0
                0x0000000000000292                __heap_end__ = .
                0x0000000000000292                __HeapLimit = __heap_end__

.stack          0x0000000000000400        0x0
                0x0000000000000400                PROVIDE (__stack, .)
 *(.stack)

.infoA

.infoB

.infoC

.infoD

.MSP430.attributes
                0x0000000000000000       0x17
 *(.MSP430.attributes)
 .MSP430.attributes
                0x0000000000000000       0x17 /home/nhivp/tools/msp430-elf/bin/../lib/gcc/msp430-elf/7.3.1/../../../../msp430-elf/lib/430/crt0.o
 .MSP430.attributes
                0x0000000000000017       0x17 /home/nhivp/tools/msp430-elf/bin/../lib/gcc/msp430-elf/7.3.1/430/crtbegin.o
 .MSP430.attributes
                0x000000000000002e       0x17 /tmp/ccD0Z7l0.o
 .MSP430.attributes
                0x0000000000000045       0x17 /home/nhivp/tools/msp430-elf/bin/../lib/gcc/msp430-elf/7.3.1/430/libgcc.a(epilogue.o)
 .MSP430.attributes
                0x000000000000005c       0x17 /home/nhivp/tools/msp430-elf/bin/../lib/gcc/msp430-elf/7.3.1/430/libgcc.a(srli.o)
 .MSP430.attributes
                0x0000000000000073       0x17 /home/nhivp/tools/msp430-elf/bin/../lib/gcc/msp430-elf/7.3.1/../../../../msp430-elf/lib/430/libcrt.a(crt_bss.o)
 .MSP430.attributes
                0x000000000000008a       0x17 /home/nhivp/tools/msp430-elf/bin/../lib/gcc/msp430-elf/7.3.1/../../../../msp430-elf/lib/430/libcrt.a(crt_movedata.o)
 .MSP430.attributes
                0x00000000000000a1       0x17 /home/nhivp/tools/msp430-elf/bin/../lib/gcc/msp430-elf/7.3.1/../../../../msp430-elf/lib/430/libcrt.a(crt_main.o)
 .MSP430.attributes
                0x00000000000000b8       0x17 /home/nhivp/tools/msp430-elf/bin/../lib/gcc/msp430-elf/7.3.1/../../../../msp430-elf/lib/430/libcrt.a(crt_callexit.o)
 .MSP430.attributes
                0x00000000000000cf       0x17 /home/nhivp/tools/msp430-elf/bin/../lib/gcc/msp430-elf/7.3.1/../../../../msp430-elf/lib/430/libnosys.a(ciosyscalls.o)
 .MSP430.attributes
                0x00000000000000e6       0x17 /home/nhivp/tools/msp430-elf/bin/../lib/gcc/msp430-elf/7.3.1/../../../../msp430-elf/lib/430/libc.a(lib_a-errno.o)
 .MSP430.attributes
                0x00000000000000fd       0x17 /home/nhivp/tools/msp430-elf/bin/../lib/gcc/msp430-elf/7.3.1/../../../../msp430-elf/lib/430/libc.a(lib_a-impure.o)
 .MSP430.attributes
                0x0000000000000114       0x17 /home/nhivp/tools/msp430-elf/bin/../lib/gcc/msp430-elf/7.3.1/../../../../msp430-elf/lib/430/libc.a(lib_a-memmove.o)
 .MSP430.attributes
                0x000000000000012b       0x17 /home/nhivp/tools/msp430-elf/bin/../lib/gcc/msp430-elf/7.3.1/../../../../msp430-elf/lib/430/libc.a(lib_a-memset.o)
 .MSP430.attributes
                0x0000000000000142       0x17 /home/nhivp/tools/msp430-elf/bin/../lib/gcc/msp430-elf/7.3.1/430/crtend.o
 .MSP430.attributes
                0x0000000000000159       0x17 /home/nhivp/tools/msp430-elf/bin/../lib/gcc/msp430-elf/7.3.1/../../../../msp430-elf/lib/430/crtn.o
 *(.gnu.attributes)
 *(__TI_build_attributes)

.stab
 *(.stab)

.stabstr
 *(.stabstr)

.stab.excl
 *(.stab.excl)

.stab.exclstr
 *(.stab.exclstr)

.stab.index
 *(.stab.index)

.stab.indexstr
 *(.stab.indexstr)

.comment        0x0000000000000000       0x12
 *(.comment)
 .comment       0x0000000000000000       0x12 /home/nhivp/tools/msp430-elf/bin/../lib/gcc/msp430-elf/7.3.1/430/crtbegin.o
                                         0x13 (size before relaxing)
 .comment       0x0000000000000012       0x13 /tmp/ccD0Z7l0.o
 .comment       0x0000000000000012       0x13 /home/nhivp/tools/msp430-elf/bin/../lib/gcc/msp430-elf/7.3.1/../../../../msp430-elf/lib/430/libc.a(lib_a-errno.o)
 .comment       0x0000000000000012       0x13 /home/nhivp/tools/msp430-elf/bin/../lib/gcc/msp430-elf/7.3.1/../../../../msp430-elf/lib/430/libc.a(lib_a-impure.o)
 .comment       0x0000000000000012       0x13 /home/nhivp/tools/msp430-elf/bin/../lib/gcc/msp430-elf/7.3.1/../../../../msp430-elf/lib/430/libc.a(lib_a-memmove.o)
 .comment       0x0000000000000012       0x13 /home/nhivp/tools/msp430-elf/bin/../lib/gcc/msp430-elf/7.3.1/../../../../msp430-elf/lib/430/libc.a(lib_a-memset.o)
 .comment       0x0000000000000012       0x13 /home/nhivp/tools/msp430-elf/bin/../lib/gcc/msp430-elf/7.3.1/430/crtend.o

.debug
 *(.debug)

.line
 *(.line)

.debug_srcinfo
 *(.debug_srcinfo)

.debug_sfnames
 *(.debug_sfnames)

.debug_aranges  0x0000000000000000      0x1d0
 *(.debug_aranges)
 .debug_aranges
                0x0000000000000000       0x30 /home/nhivp/tools/msp430-elf/bin/../lib/gcc/msp430-elf/7.3.1/../../../../msp430-elf/lib/430/crt0.o
 .debug_aranges
                0x0000000000000030       0x20 /tmp/ccD0Z7l0.o
 .debug_aranges
                0x0000000000000050       0x20 /home/nhivp/tools/msp430-elf/bin/../lib/gcc/msp430-elf/7.3.1/../../../../msp430-elf/lib/430/libcrt.a(crt_bss.o)
 .debug_aranges
                0x0000000000000070       0x20 /home/nhivp/tools/msp430-elf/bin/../lib/gcc/msp430-elf/7.3.1/../../../../msp430-elf/lib/430/libcrt.a(crt_movedata.o)
 .debug_aranges
                0x0000000000000090       0x20 /home/nhivp/tools/msp430-elf/bin/../lib/gcc/msp430-elf/7.3.1/../../../../msp430-elf/lib/430/libcrt.a(crt_main.o)
 .debug_aranges
                0x00000000000000b0       0x20 /home/nhivp/tools/msp430-elf/bin/../lib/gcc/msp430-elf/7.3.1/../../../../msp430-elf/lib/430/libcrt.a(crt_callexit.o)
 .debug_aranges
                0x00000000000000d0       0x60 /home/nhivp/tools/msp430-elf/bin/../lib/gcc/msp430-elf/7.3.1/../../../../msp430-elf/lib/430/libnosys.a(ciosyscalls.o)
 .debug_aranges
                0x0000000000000130       0x20 /home/nhivp/tools/msp430-elf/bin/../lib/gcc/msp430-elf/7.3.1/../../../../msp430-elf/lib/430/libc.a(lib_a-errno.o)
 .debug_aranges
                0x0000000000000150       0x18 /home/nhivp/tools/msp430-elf/bin/../lib/gcc/msp430-elf/7.3.1/../../../../msp430-elf/lib/430/libc.a(lib_a-impure.o)
 .debug_aranges
                0x0000000000000168       0x20 /home/nhivp/tools/msp430-elf/bin/../lib/gcc/msp430-elf/7.3.1/../../../../msp430-elf/lib/430/libc.a(lib_a-memmove.o)
 .debug_aranges
                0x0000000000000188       0x20 /home/nhivp/tools/msp430-elf/bin/../lib/gcc/msp430-elf/7.3.1/../../../../msp430-elf/lib/430/libc.a(lib_a-memset.o)
 .debug_aranges
                0x00000000000001a8       0x28 /home/nhivp/tools/msp430-elf/bin/../lib/gcc/msp430-elf/7.3.1/../../../../msp430-elf/lib/430/crtn.o

.debug_pubnames
 *(.debug_pubnames)

.debug_info     0x0000000000000000     0x2ce9
 *(.debug_info .gnu.linkonce.wi.*)
 .debug_info    0x0000000000000000       0xaa /home/nhivp/tools/msp430-elf/bin/../lib/gcc/msp430-elf/7.3.1/../../../../msp430-elf/lib/430/crt0.o
 .debug_info    0x00000000000000aa      0x4ed /tmp/ccD0Z7l0.o
 .debug_info    0x0000000000000597       0xae /home/nhivp/tools/msp430-elf/bin/../lib/gcc/msp430-elf/7.3.1/../../../../msp430-elf/lib/430/libcrt.a(crt_bss.o)
 .debug_info    0x0000000000000645       0xae /home/nhivp/tools/msp430-elf/bin/../lib/gcc/msp430-elf/7.3.1/../../../../msp430-elf/lib/430/libcrt.a(crt_movedata.o)
 .debug_info    0x00000000000006f3       0xae /home/nhivp/tools/msp430-elf/bin/../lib/gcc/msp430-elf/7.3.1/../../../../msp430-elf/lib/430/libcrt.a(crt_main.o)
 .debug_info    0x00000000000007a1       0xae /home/nhivp/tools/msp430-elf/bin/../lib/gcc/msp430-elf/7.3.1/../../../../msp430-elf/lib/430/libcrt.a(crt_callexit.o)
 .debug_info    0x000000000000084f       0xb1 /home/nhivp/tools/msp430-elf/bin/../lib/gcc/msp430-elf/7.3.1/../../../../msp430-elf/lib/430/libnosys.a(ciosyscalls.o)
 .debug_info    0x0000000000000900      0x8cb /home/nhivp/tools/msp430-elf/bin/../lib/gcc/msp430-elf/7.3.1/../../../../msp430-elf/lib/430/libc.a(lib_a-errno.o)
 .debug_info    0x00000000000011cb      0x8a4 /home/nhivp/tools/msp430-elf/bin/../lib/gcc/msp430-elf/7.3.1/../../../../msp430-elf/lib/430/libc.a(lib_a-impure.o)
 .debug_info    0x0000000000001a6f      0x8fa /home/nhivp/tools/msp430-elf/bin/../lib/gcc/msp430-elf/7.3.1/../../../../msp430-elf/lib/430/libc.a(lib_a-memmove.o)
 .debug_info    0x0000000000002369      0x8d6 /home/nhivp/tools/msp430-elf/bin/../lib/gcc/msp430-elf/7.3.1/../../../../msp430-elf/lib/430/libc.a(lib_a-memset.o)
 .debug_info    0x0000000000002c3f       0xaa /home/nhivp/tools/msp430-elf/bin/../lib/gcc/msp430-elf/7.3.1/../../../../msp430-elf/lib/430/crtn.o

.debug_abbrev   0x0000000000000000      0x654
 *(.debug_abbrev)
 .debug_abbrev  0x0000000000000000       0x12 /home/nhivp/tools/msp430-elf/bin/../lib/gcc/msp430-elf/7.3.1/../../../../msp430-elf/lib/430/crt0.o
 .debug_abbrev  0x0000000000000012       0x71 /tmp/ccD0Z7l0.o
 .debug_abbrev  0x0000000000000083       0x14 /home/nhivp/tools/msp430-elf/bin/../lib/gcc/msp430-elf/7.3.1/../../../../msp430-elf/lib/430/libcrt.a(crt_bss.o)
 .debug_abbrev  0x0000000000000097       0x14 /home/nhivp/tools/msp430-elf/bin/../lib/gcc/msp430-elf/7.3.1/../../../../msp430-elf/lib/430/libcrt.a(crt_movedata.o)
 .debug_abbrev  0x00000000000000ab       0x14 /home/nhivp/tools/msp430-elf/bin/../lib/gcc/msp430-elf/7.3.1/../../../../msp430-elf/lib/430/libcrt.a(crt_main.o)
 .debug_abbrev  0x00000000000000bf       0x14 /home/nhivp/tools/msp430-elf/bin/../lib/gcc/msp430-elf/7.3.1/../../../../msp430-elf/lib/430/libcrt.a(crt_callexit.o)
 .debug_abbrev  0x00000000000000d3       0x12 /home/nhivp/tools/msp430-elf/bin/../lib/gcc/msp430-elf/7.3.1/../../../../msp430-elf/lib/430/libnosys.a(ciosyscalls.o)
 .debug_abbrev  0x00000000000000e5      0x151 /home/nhivp/tools/msp430-elf/bin/../lib/gcc/msp430-elf/7.3.1/../../../../msp430-elf/lib/430/libc.a(lib_a-errno.o)
 .debug_abbrev  0x0000000000000236      0x135 /home/nhivp/tools/msp430-elf/bin/../lib/gcc/msp430-elf/7.3.1/../../../../msp430-elf/lib/430/libc.a(lib_a-impure.o)
 .debug_abbrev  0x000000000000036b      0x16f /home/nhivp/tools/msp430-elf/bin/../lib/gcc/msp430-elf/7.3.1/../../../../msp430-elf/lib/430/libc.a(lib_a-memmove.o)
 .debug_abbrev  0x00000000000004da      0x168 /home/nhivp/tools/msp430-elf/bin/../lib/gcc/msp430-elf/7.3.1/../../../../msp430-elf/lib/430/libc.a(lib_a-memset.o)
 .debug_abbrev  0x0000000000000642       0x12 /home/nhivp/tools/msp430-elf/bin/../lib/gcc/msp430-elf/7.3.1/../../../../msp430-elf/lib/430/crtn.o

.debug_line     0x0000000000000000      0xa63
 *(.debug_line .debug_line.* .debug_line_end)
 .debug_line    0x0000000000000000       0x4d /home/nhivp/tools/msp430-elf/bin/../lib/gcc/msp430-elf/7.3.1/../../../../msp430-elf/lib/430/crt0.o
 .debug_line.crt_0000start
                0x000000000000004d       0x10 /home/nhivp/tools/msp430-elf/bin/../lib/gcc/msp430-elf/7.3.1/../../../../msp430-elf/lib/430/crt0.o
 .debug_line.crt_0900main_init
                0x000000000000005d       0x7d /home/nhivp/tools/msp430-elf/bin/../lib/gcc/msp430-elf/7.3.1/../../../../msp430-elf/lib/430/crt0.o
 .debug_line.fini
                0x00000000000000da       0x11 /home/nhivp/tools/msp430-elf/bin/../lib/gcc/msp430-elf/7.3.1/../../../../msp430-elf/lib/430/crt0.o
 .debug_line_end
                0x00000000000000eb        0x0 /home/nhivp/tools/msp430-elf/bin/../lib/gcc/msp430-elf/7.3.1/../../../../msp430-elf/lib/430/crt0.o
 .debug_line    0x00000000000000eb       0xc8 /tmp/ccD0Z7l0.o
 .debug_line    0x00000000000001b3       0x4d /home/nhivp/tools/msp430-elf/bin/../lib/gcc/msp430-elf/7.3.1/../../../../msp430-elf/lib/430/libcrt.a(crt_bss.o)
 .debug_line.crt_0100init_bss
                0x0000000000000200       0x23 /home/nhivp/tools/msp430-elf/bin/../lib/gcc/msp430-elf/7.3.1/../../../../msp430-elf/lib/430/libcrt.a(crt_bss.o)
 .debug_line_end
                0x0000000000000223        0x0 /home/nhivp/tools/msp430-elf/bin/../lib/gcc/msp430-elf/7.3.1/../../../../msp430-elf/lib/430/libcrt.a(crt_bss.o)
 .debug_line    0x0000000000000223       0x4d /home/nhivp/tools/msp430-elf/bin/../lib/gcc/msp430-elf/7.3.1/../../../../msp430-elf/lib/430/libcrt.a(crt_movedata.o)
 .debug_line.crt_0300movedata
                0x0000000000000270       0x2f /home/nhivp/tools/msp430-elf/bin/../lib/gcc/msp430-elf/7.3.1/../../../../msp430-elf/lib/430/libcrt.a(crt_movedata.o)
 .debug_line_end
                0x000000000000029f        0x0 /home/nhivp/tools/msp430-elf/bin/../lib/gcc/msp430-elf/7.3.1/../../../../msp430-elf/lib/430/libcrt.a(crt_movedata.o)
 .debug_line    0x000000000000029f       0x4d /home/nhivp/tools/msp430-elf/bin/../lib/gcc/msp430-elf/7.3.1/../../../../msp430-elf/lib/430/libcrt.a(crt_main.o)
 .debug_line.crt_0700call_init_then_main
                0x00000000000002ec       0x1d /home/nhivp/tools/msp430-elf/bin/../lib/gcc/msp430-elf/7.3.1/../../../../msp430-elf/lib/430/libcrt.a(crt_main.o)
 .debug_line_end
                0x0000000000000309        0x0 /home/nhivp/tools/msp430-elf/bin/../lib/gcc/msp430-elf/7.3.1/../../../../msp430-elf/lib/430/libcrt.a(crt_main.o)
 .debug_line    0x0000000000000309       0x4d /home/nhivp/tools/msp430-elf/bin/../lib/gcc/msp430-elf/7.3.1/../../../../msp430-elf/lib/430/libcrt.a(crt_callexit.o)
 .debug_line.crt_0800call_exit
                0x0000000000000356       0x11 /home/nhivp/tools/msp430-elf/bin/../lib/gcc/msp430-elf/7.3.1/../../../../msp430-elf/lib/430/libcrt.a(crt_callexit.o)
 .debug_line_end
                0x0000000000000367        0x0 /home/nhivp/tools/msp430-elf/bin/../lib/gcc/msp430-elf/7.3.1/../../../../msp430-elf/lib/430/libcrt.a(crt_callexit.o)
 .debug_line    0x0000000000000367       0x54 /home/nhivp/tools/msp430-elf/bin/../lib/gcc/msp430-elf/7.3.1/../../../../msp430-elf/lib/430/libnosys.a(ciosyscalls.o)
 .debug_line.text.exit
                0x00000000000003bb       0x10 /home/nhivp/tools/msp430-elf/bin/../lib/gcc/msp430-elf/7.3.1/../../../../msp430-elf/lib/430/libnosys.a(ciosyscalls.o)
 .debug_line.text.isatty
                0x00000000000003cb       0x16 /home/nhivp/tools/msp430-elf/bin/../lib/gcc/msp430-elf/7.3.1/../../../../msp430-elf/lib/430/libnosys.a(ciosyscalls.o)
 .debug_line.text.getpid
                0x00000000000003e1       0x16 /home/nhivp/tools/msp430-elf/bin/../lib/gcc/msp430-elf/7.3.1/../../../../msp430-elf/lib/430/libnosys.a(ciosyscalls.o)
 .debug_line.text.open
                0x00000000000003f7       0x11 /home/nhivp/tools/msp430-elf/bin/../lib/gcc/msp430-elf/7.3.1/../../../../msp430-elf/lib/430/libnosys.a(ciosyscalls.o)
 .debug_line.text.close
                0x0000000000000408       0x11 /home/nhivp/tools/msp430-elf/bin/../lib/gcc/msp430-elf/7.3.1/../../../../msp430-elf/lib/430/libnosys.a(ciosyscalls.o)
 .debug_line.text.read
                0x0000000000000419       0x11 /home/nhivp/tools/msp430-elf/bin/../lib/gcc/msp430-elf/7.3.1/../../../../msp430-elf/lib/430/libnosys.a(ciosyscalls.o)
 .debug_line.text.fstat
                0x000000000000042a       0x11 /home/nhivp/tools/msp430-elf/bin/../lib/gcc/msp430-elf/7.3.1/../../../../msp430-elf/lib/430/libnosys.a(ciosyscalls.o)
 .debug_line.text.lseek
                0x000000000000043b       0x11 /home/nhivp/tools/msp430-elf/bin/../lib/gcc/msp430-elf/7.3.1/../../../../msp430-elf/lib/430/libnosys.a(ciosyscalls.o)
 .debug_line.text.kill
                0x000000000000044c       0x11 /home/nhivp/tools/msp430-elf/bin/../lib/gcc/msp430-elf/7.3.1/../../../../msp430-elf/lib/430/libnosys.a(ciosyscalls.o)
 .debug_line_end
                0x000000000000045d        0x0 /home/nhivp/tools/msp430-elf/bin/../lib/gcc/msp430-elf/7.3.1/../../../../msp430-elf/lib/430/libnosys.a(ciosyscalls.o)
 .debug_line    0x000000000000045d      0x121 /home/nhivp/tools/msp430-elf/bin/../lib/gcc/msp430-elf/7.3.1/../../../../msp430-elf/lib/430/libc.a(lib_a-errno.o)
 .debug_line.text.__errno
                0x000000000000057e       0x16 /home/nhivp/tools/msp430-elf/bin/../lib/gcc/msp430-elf/7.3.1/../../../../msp430-elf/lib/430/libc.a(lib_a-errno.o)
 .debug_line_end
                0x0000000000000594        0x0 /home/nhivp/tools/msp430-elf/bin/../lib/gcc/msp430-elf/7.3.1/../../../../msp430-elf/lib/430/libc.a(lib_a-errno.o)
 .debug_line    0x0000000000000594      0x117 /home/nhivp/tools/msp430-elf/bin/../lib/gcc/msp430-elf/7.3.1/../../../../msp430-elf/lib/430/libc.a(lib_a-impure.o)
 .debug_line_end
                0x00000000000006ab        0x0 /home/nhivp/tools/msp430-elf/bin/../lib/gcc/msp430-elf/7.3.1/../../../../msp430-elf/lib/430/libc.a(lib_a-impure.o)
 .debug_line    0x00000000000006ab      0x16f /home/nhivp/tools/msp430-elf/bin/../lib/gcc/msp430-elf/7.3.1/../../../../msp430-elf/lib/430/libc.a(lib_a-memmove.o)
 .debug_line.text.memmove
                0x000000000000081a       0x40 /home/nhivp/tools/msp430-elf/bin/../lib/gcc/msp430-elf/7.3.1/../../../../msp430-elf/lib/430/libc.a(lib_a-memmove.o)
 .debug_line_end
                0x000000000000085a        0x0 /home/nhivp/tools/msp430-elf/bin/../lib/gcc/msp430-elf/7.3.1/../../../../msp430-elf/lib/430/libc.a(lib_a-memmove.o)
 .debug_line    0x000000000000085a      0x16e /home/nhivp/tools/msp430-elf/bin/../lib/gcc/msp430-elf/7.3.1/../../../../msp430-elf/lib/430/libc.a(lib_a-memset.o)
 .debug_line.text.memset
                0x00000000000009c8       0x22 /home/nhivp/tools/msp430-elf/bin/../lib/gcc/msp430-elf/7.3.1/../../../../msp430-elf/lib/430/libc.a(lib_a-memset.o)
 .debug_line_end
                0x00000000000009ea        0x0 /home/nhivp/tools/msp430-elf/bin/../lib/gcc/msp430-elf/7.3.1/../../../../msp430-elf/lib/430/libc.a(lib_a-memset.o)
 .debug_line    0x00000000000009ea       0x4d /home/nhivp/tools/msp430-elf/bin/../lib/gcc/msp430-elf/7.3.1/../../../../msp430-elf/lib/430/crtn.o
 .debug_line.init
                0x0000000000000a37       0x1c /home/nhivp/tools/msp430-elf/bin/../lib/gcc/msp430-elf/7.3.1/../../../../msp430-elf/lib/430/crtn.o
 .debug_line.fini
                0x0000000000000a53       0x10 /home/nhivp/tools/msp430-elf/bin/../lib/gcc/msp430-elf/7.3.1/../../../../msp430-elf/lib/430/crtn.o
 .debug_line_end
                0x0000000000000a63        0x0 /home/nhivp/tools/msp430-elf/bin/../lib/gcc/msp430-elf/7.3.1/../../../../msp430-elf/lib/430/crtn.o

.debug_frame    0x0000000000000000       0xac
 *(.debug_frame)
 .debug_frame   0x0000000000000000       0x40 /tmp/ccD0Z7l0.o
 .debug_frame   0x0000000000000040       0x24 /home/nhivp/tools/msp430-elf/bin/../lib/gcc/msp430-elf/7.3.1/../../../../msp430-elf/lib/430/libc.a(lib_a-errno.o)
 .debug_frame   0x0000000000000064       0x24 /home/nhivp/tools/msp430-elf/bin/../lib/gcc/msp430-elf/7.3.1/../../../../msp430-elf/lib/430/libc.a(lib_a-memmove.o)
 .debug_frame   0x0000000000000088       0x24 /home/nhivp/tools/msp430-elf/bin/../lib/gcc/msp430-elf/7.3.1/../../../../msp430-elf/lib/430/libc.a(lib_a-memset.o)

.debug_str      0x0000000000000000      0xad9
 *(.debug_str)
 .debug_str     0x0000000000000000      0x3fa /tmp/ccD0Z7l0.o
                                        0x407 (size before relaxing)
 .debug_str     0x00000000000003fa      0x54a /home/nhivp/tools/msp430-elf/bin/../lib/gcc/msp430-elf/7.3.1/../../../../msp430-elf/lib/430/libc.a(lib_a-errno.o)
                                        0x5ce (size before relaxing)
 .debug_str     0x0000000000000944       0x9d /home/nhivp/tools/msp430-elf/bin/../lib/gcc/msp430-elf/7.3.1/../../../../msp430-elf/lib/430/libc.a(lib_a-impure.o)
                                        0x5bc (size before relaxing)
 .debug_str     0x00000000000009e1       0xbc /home/nhivp/tools/msp430-elf/bin/../lib/gcc/msp430-elf/7.3.1/../../../../msp430-elf/lib/430/libc.a(lib_a-memmove.o)
                                        0x5db (size before relaxing)
 .debug_str     0x0000000000000a9d       0x3c /home/nhivp/tools/msp430-elf/bin/../lib/gcc/msp430-elf/7.3.1/../../../../msp430-elf/lib/430/libc.a(lib_a-memset.o)
                                        0x5c0 (size before relaxing)

.debug_loc      0x0000000000000000      0x1f0
 *(.debug_loc)
 .debug_loc     0x0000000000000000      0x17e /home/nhivp/tools/msp430-elf/bin/../lib/gcc/msp430-elf/7.3.1/../../../../msp430-elf/lib/430/libc.a(lib_a-memmove.o)
 .debug_loc     0x000000000000017e       0x72 /home/nhivp/tools/msp430-elf/bin/../lib/gcc/msp430-elf/7.3.1/../../../../msp430-elf/lib/430/libc.a(lib_a-memset.o)

.debug_macinfo
 *(.debug_macinfo)

.debug_weaknames
 *(.debug_weaknames)

.debug_funcnames
 *(.debug_funcnames)

.debug_typenames
 *(.debug_typenames)

.debug_varnames
 *(.debug_varnames)

/DISCARD/
 *(.note.GNU-stack)
                [!provide]                        PROVIDE (IE1, 0x0)
                [!provide]                        PROVIDE (IFG1, 0x2)
                [!provide]                        PROVIDE (IE2, 0x1)
                [!provide]                        PROVIDE (IFG2, 0x3)
                [!provide]                        PROVIDE (ADC10DTC0, 0x48)
                [!provide]                        PROVIDE (ADC10DTC1, 0x49)
                [!provide]                        PROVIDE (ADC10AE0, 0x4a)
                [!provide]                        PROVIDE (ADC10CTL0, 0x1b0)
                [!provide]                        PROVIDE (ADC10CTL1, 0x1b2)
                [!provide]                        PROVIDE (ADC10MEM, 0x1b4)
                [!provide]                        PROVIDE (ADC10SA, 0x1bc)
                0x0000000000000056                PROVIDE (DCOCTL, 0x56)
                0x0000000000000057                PROVIDE (BCSCTL1, 0x57)
                [!provide]                        PROVIDE (BCSCTL2, 0x58)
                [!provide]                        PROVIDE (BCSCTL3, 0x53)
                [!provide]                        PROVIDE (CACTL1, 0x59)
                [!provide]                        PROVIDE (CACTL2, 0x5a)
                [!provide]                        PROVIDE (CAPD, 0x5b)
                [!provide]                        PROVIDE (FCTL1, 0x128)
                [!provide]                        PROVIDE (FCTL2, 0x12a)
                [!provide]                        PROVIDE (FCTL3, 0x12c)
                [!provide]                        PROVIDE (P1IN, 0x20)
                0x0000000000000021                PROVIDE (P1OUT, 0x21)
                0x0000000000000022                PROVIDE (P1DIR, 0x22)
                [!provide]                        PROVIDE (P1IFG, 0x23)
                [!provide]                        PROVIDE (P1IES, 0x24)
                [!provide]                        PROVIDE (P1IE, 0x25)
                [!provide]                        PROVIDE (P1SEL, 0x26)
                [!provide]                        PROVIDE (P1SEL2, 0x41)
                [!provide]                        PROVIDE (P1REN, 0x27)
                [!provide]                        PROVIDE (P2IN, 0x28)
                [!provide]                        PROVIDE (P2OUT, 0x29)
                [!provide]                        PROVIDE (P2DIR, 0x2a)
                [!provide]                        PROVIDE (P2IFG, 0x2b)
                [!provide]                        PROVIDE (P2IES, 0x2c)
                [!provide]                        PROVIDE (P2IE, 0x2d)
                [!provide]                        PROVIDE (P2SEL, 0x2e)
                [!provide]                        PROVIDE (P2SEL2, 0x42)
                [!provide]                        PROVIDE (P2REN, 0x2f)
                [!provide]                        PROVIDE (P3IN, 0x18)
                [!provide]                        PROVIDE (P3OUT, 0x19)
                [!provide]                        PROVIDE (P3DIR, 0x1a)
                [!provide]                        PROVIDE (P3SEL, 0x1b)
                [!provide]                        PROVIDE (P3SEL2, 0x43)
                [!provide]                        PROVIDE (P3REN, 0x10)
                [!provide]                        PROVIDE (TA0IV, 0x12e)
                0x0000000000000160                PROVIDE (TA0CTL, 0x160)
                0x0000000000000162                PROVIDE (TA0CCTL0, 0x162)
                [!provide]                        PROVIDE (TA0CCTL1, 0x164)
                [!provide]                        PROVIDE (TA0CCTL2, 0x166)
                [!provide]                        PROVIDE (TA0R, 0x170)
                0x0000000000000172                PROVIDE (TA0CCR0, 0x172)
                [!provide]                        PROVIDE (TA0CCR1, 0x174)
                [!provide]                        PROVIDE (TA0CCR2, 0x176)
                [!provide]                        PROVIDE (TA1IV, 0x11e)
                [!provide]                        PROVIDE (TA1CTL, 0x180)
                [!provide]                        PROVIDE (TA1CCTL0, 0x182)
                [!provide]                        PROVIDE (TA1CCTL1, 0x184)
                [!provide]                        PROVIDE (TA1CCTL2, 0x186)
                [!provide]                        PROVIDE (TA1R, 0x190)
                [!provide]                        PROVIDE (TA1CCR0, 0x192)
                [!provide]                        PROVIDE (TA1CCR1, 0x194)
                [!provide]                        PROVIDE (TA1CCR2, 0x196)
                [!provide]                        PROVIDE (UCA0CTL0, 0x60)
                [!provide]                        PROVIDE (UCA0CTL1, 0x61)
                [!provide]                        PROVIDE (UCA0BR0, 0x62)
                [!provide]                        PROVIDE (UCA0BR1, 0x63)
                [!provide]                        PROVIDE (UCA0MCTL, 0x64)
                [!provide]                        PROVIDE (UCA0STAT, 0x65)
                [!provide]                        PROVIDE (UCA0RXBUF, 0x66)
                [!provide]                        PROVIDE (UCA0TXBUF, 0x67)
                [!provide]                        PROVIDE (UCA0ABCTL, 0x5d)
                [!provide]                        PROVIDE (UCA0IRTCTL, 0x5e)
                [!provide]                        PROVIDE (UCA0IRRCTL, 0x5f)
                [!provide]                        PROVIDE (UCB0CTL0, 0x68)
                [!provide]                        PROVIDE (UCB0CTL1, 0x69)
                [!provide]                        PROVIDE (UCB0BR0, 0x6a)
                [!provide]                        PROVIDE (UCB0BR1, 0x6b)
                [!provide]                        PROVIDE (UCB0I2CIE, 0x6c)
                [!provide]                        PROVIDE (UCB0STAT, 0x6d)
                [!provide]                        PROVIDE (UCB0RXBUF, 0x6e)
                [!provide]                        PROVIDE (UCB0TXBUF, 0x6f)
                [!provide]                        PROVIDE (UCB0I2COA, 0x118)
                [!provide]                        PROVIDE (UCB0I2CSA, 0x11a)
                0x0000000000000120                PROVIDE (WDTCTL, 0x120)
                [!provide]                        PROVIDE (CALDCO_16MHZ, 0x10f8)
                [!provide]                        PROVIDE (CALBC1_16MHZ, 0x10f9)
                [!provide]                        PROVIDE (CALDCO_12MHZ, 0x10fa)
                [!provide]                        PROVIDE (CALBC1_12MHZ, 0x10fb)
                [!provide]                        PROVIDE (CALDCO_8MHZ, 0x10fc)
                [!provide]                        PROVIDE (CALBC1_8MHZ, 0x10fd)
                0x00000000000010fe                PROVIDE (CALDCO_1MHZ, 0x10fe)
                0x00000000000010ff                PROVIDE (CALBC1_1MHZ, 0x10ff)
                [!provide]                        PROVIDE (TLV_CHECKSUM, 0x10c0)
                [!provide]                        PROVIDE (TLV_DCO_30_TAG, 0x10f6)
                [!provide]                        PROVIDE (TLV_DCO_30_LEN, 0x10f7)
                [!provide]                        PROVIDE (TLV_ADC10_1_TAG, 0x10da)
                [!provide]                        PROVIDE (TLV_ADC10_1_LEN, 0x10db)
OUTPUT(timer_blink.o elf32-msp430)

.debug_ranges   0x0000000000000000       0xd0
 .debug_ranges  0x0000000000000000       0x28 /home/nhivp/tools/msp430-elf/bin/../lib/gcc/msp430-elf/7.3.1/../../../../msp430-elf/lib/430/crt0.o
 .debug_ranges  0x0000000000000028       0x58 /home/nhivp/tools/msp430-elf/bin/../lib/gcc/msp430-elf/7.3.1/../../../../msp430-elf/lib/430/libnosys.a(ciosyscalls.o)
 .debug_ranges  0x0000000000000080       0x10 /home/nhivp/tools/msp430-elf/bin/../lib/gcc/msp430-elf/7.3.1/../../../../msp430-elf/lib/430/libc.a(lib_a-errno.o)
 .debug_ranges  0x0000000000000090       0x10 /home/nhivp/tools/msp430-elf/bin/../lib/gcc/msp430-elf/7.3.1/../../../../msp430-elf/lib/430/libc.a(lib_a-memmove.o)
 .debug_ranges  0x00000000000000a0       0x10 /home/nhivp/tools/msp430-elf/bin/../lib/gcc/msp430-elf/7.3.1/../../../../msp430-elf/lib/430/libc.a(lib_a-memset.o)
 .debug_ranges  0x00000000000000b0       0x20 /home/nhivp/tools/msp430-elf/bin/../lib/gcc/msp430-elf/7.3.1/../../../../msp430-elf/lib/430/crtn.o
